DELETE  /api/v1/assistant/sessions/{id}
DELETE  /api/v1/attachments/{id}
DELETE  /api/v1/banks/{id}
DELETE  /api/v1/baro/dispatch-routes/{id}
DELETE  /api/v1/bls/{blId}/lines/{id}
DELETE  /api/v1/bls/{id}
DELETE  /api/v1/companies/{id}
DELETE  /api/v1/construction-sites/{id}
DELETE  /api/v1/cost-details/{id}
DELETE  /api/v1/declarations/{id}
DELETE  /api/v1/expenses/{id}
DELETE  /api/v1/inventory/allocations/{id}
DELETE  /api/v1/lcs/{id}
DELETE  /api/v1/manufacturers/{id}
DELETE  /api/v1/module-demand-forecasts/{id}
DELETE  /api/v1/notes/{id}
DELETE  /api/v1/orders/{id}
DELETE  /api/v1/outbounds/{id}
DELETE  /api/v1/partner-prices/{id}
DELETE  /api/v1/partners/{id}
DELETE  /api/v1/pos/{id}
DELETE  /api/v1/pos/{poId}/lines/{id}
DELETE  /api/v1/products/{id}
DELETE  /api/v1/receipt-matches/{id}
DELETE  /api/v1/receipts/{id}
DELETE  /api/v1/sales/{id}
DELETE  /api/v1/tts/{id}
DELETE  /api/v1/ui-configs/{scope}/{config_id}
DELETE  /api/v1/warehouses/{id}
GET     /api/v1/assistant/ocr/health
GET     /api/v1/assistant/sessions
GET     /api/v1/assistant/sessions/{id}
GET     /api/v1/attachments/
GET     /api/v1/attachments/{id}/access
GET     /api/v1/attachments/{id}/download
GET     /api/v1/attachments/{id}/file
GET     /api/v1/audit-logs/
GET     /api/v1/banks/
GET     /api/v1/banks/{id}
GET     /api/v1/baro/credit-board/
GET     /api/v1/baro/dispatch-routes/
GET     /api/v1/baro/dispatch-routes/{id}
GET     /api/v1/baro/dispatch-routes/{id}/outbounds
GET     /api/v1/baro/orders/recent
GET     /api/v1/bls/
GET     /api/v1/bls/{blId}/lines/
GET     /api/v1/bls/{id}
GET     /api/v1/companies/
GET     /api/v1/companies/{id}
GET     /api/v1/construction-sites/
GET     /api/v1/construction-sites/{id}
GET     /api/v1/cost-details/
GET     /api/v1/cost-details/{id}
GET     /api/v1/declarations/
GET     /api/v1/declarations/{id}
GET     /api/v1/engine/health
GET     /api/v1/engine/ready
GET     /api/v1/expenses/
GET     /api/v1/expenses/{id}
GET     /api/v1/export/amaranth/inbound
GET     /api/v1/export/amaranth/jobs
GET     /api/v1/export/amaranth/jobs/{id}/download
GET     /api/v1/export/amaranth/outbound
GET     /api/v1/export/amaranth/rpa-package
GET     /api/v1/export/amaranth/sales
GET     /api/v1/intercompany-requests/inbox
GET     /api/v1/intercompany-requests/mine
GET     /api/v1/inventory/allocations/
GET     /api/v1/inventory/allocations/{id}
GET     /api/v1/lcs/
GET     /api/v1/lcs/{id}
GET     /api/v1/lcs/{id}/lines
GET     /api/v1/limit-changes/
GET     /api/v1/manufacturers/
GET     /api/v1/manufacturers/{id}
GET     /api/v1/me/open-followups
GET     /api/v1/module-demand-forecasts/
GET     /api/v1/notes/
GET     /api/v1/ocr/health
GET     /api/v1/orders/
GET     /api/v1/orders/{id}
GET     /api/v1/outbounds/
GET     /api/v1/outbounds/{id}
GET     /api/v1/partner-prices/
GET     /api/v1/partner-prices/lookup
GET     /api/v1/partner-prices/{id}
GET     /api/v1/partners/
GET     /api/v1/partners/{id}
GET     /api/v1/partners/{id}/activities
GET     /api/v1/pos/
GET     /api/v1/pos/{id}
GET     /api/v1/pos/{poId}/lines/
GET     /api/v1/price-histories/
GET     /api/v1/price-histories/{id}
GET     /api/v1/products/
GET     /api/v1/products/{id}
GET     /api/v1/public/fx/usdkrw
GET     /api/v1/public/login-stats
GET     /api/v1/public/metals/{symbol}
GET     /api/v1/public/polysilicon
GET     /api/v1/public/scfi
GET     /api/v1/receipt-matches/
GET     /api/v1/receipts/
GET     /api/v1/receipts/{id}
GET     /api/v1/sales/
GET     /api/v1/sales/{id}
GET     /api/v1/system-settings/{key}
GET     /api/v1/tts/
GET     /api/v1/tts/{id}
GET     /api/v1/ui-configs/
GET     /api/v1/ui-configs/{scope}/{config_id}
GET     /api/v1/users/
GET     /api/v1/users/me
GET     /api/v1/warehouses/
GET     /api/v1/warehouses/{id}
GET     /health
PATCH   /api/v1/assistant/sessions/{id}
PATCH   /api/v1/banks/{id}
PATCH   /api/v1/banks/{id}/status
PATCH   /api/v1/companies/{id}
PATCH   /api/v1/companies/{id}/status
PATCH   /api/v1/construction-sites/{id}
PATCH   /api/v1/construction-sites/{id}/status
PATCH   /api/v1/intercompany-requests/{id}/cancel
PATCH   /api/v1/intercompany-requests/{id}/fulfill
PATCH   /api/v1/intercompany-requests/{id}/receive
PATCH   /api/v1/intercompany-requests/{id}/reject
PATCH   /api/v1/manufacturers/{id}
PATCH   /api/v1/manufacturers/{id}/status
PATCH   /api/v1/partner-activities/{id}/followup
PATCH   /api/v1/partners/{id}
PATCH   /api/v1/partners/{id}/status
PATCH   /api/v1/products/{id}/status
PATCH   /api/v1/warehouses/{id}
PATCH   /api/v1/warehouses/{id}/status
POST    /api/v1/assistant/chat
POST    /api/v1/assistant/match/receipts/auto
POST    /api/v1/assistant/ocr/extract
POST    /api/v1/assistant/sessions
POST    /api/v1/attachments/
POST    /api/v1/banks/
POST    /api/v1/baro/dispatch-routes/
POST    /api/v1/baro/dispatch-routes/unassign
POST    /api/v1/baro/dispatch-routes/{id}/assign
POST    /api/v1/baro/orders/{id}/clone
POST    /api/v1/bls/
POST    /api/v1/bls/{blId}/lines/
POST    /api/v1/calc/customer-analysis
POST    /api/v1/calc/exchange-compare
POST    /api/v1/calc/inventory
POST    /api/v1/calc/inventory-turnover
POST    /api/v1/calc/landed-cost
POST    /api/v1/calc/lc-fee
POST    /api/v1/calc/lc-limit-timeline
POST    /api/v1/calc/lc-maturity-alert
POST    /api/v1/calc/margin-analysis
POST    /api/v1/calc/outstanding-list
POST    /api/v1/calc/price-trend
POST    /api/v1/calc/receipt-match-suggest
POST    /api/v1/calc/search
POST    /api/v1/calc/supply-forecast
POST    /api/v1/companies/
POST    /api/v1/construction-sites/
POST    /api/v1/cost-details/
POST    /api/v1/declarations/
POST    /api/v1/expenses/
POST    /api/v1/export/amaranth/jobs/{id}/claim
POST    /api/v1/export/amaranth/outbound/jobs
POST    /api/v1/import/declarations
POST    /api/v1/import/expenses
POST    /api/v1/import/inbound
POST    /api/v1/import/orders
POST    /api/v1/import/outbound
POST    /api/v1/import/receipts
POST    /api/v1/import/sales
POST    /api/v1/intercompany-requests/
POST    /api/v1/inventory/allocations/
POST    /api/v1/lcs/
POST    /api/v1/limit-changes/
POST    /api/v1/manufacturers/
POST    /api/v1/module-demand-forecasts/
POST    /api/v1/notes/
POST    /api/v1/ocr/extract
POST    /api/v1/orders/
POST    /api/v1/outbounds/
POST    /api/v1/partner-activities/
POST    /api/v1/partner-prices/
POST    /api/v1/partners/
POST    /api/v1/pos/
POST    /api/v1/pos/{poId}/lines/
POST    /api/v1/price-histories/
POST    /api/v1/products/
POST    /api/v1/public/assistant/chat
POST    /api/v1/receipt-matches/
POST    /api/v1/receipt-matches/auto
POST    /api/v1/receipts/
POST    /api/v1/sales/
POST    /api/v1/tts/
POST    /api/v1/users/
POST    /api/v1/warehouses/
PUT     /api/v1/banks/{id}
PUT     /api/v1/baro/dispatch-routes/{id}
PUT     /api/v1/bls/{blId}/lines/{id}
PUT     /api/v1/bls/{id}
PUT     /api/v1/companies/{id}
PUT     /api/v1/construction-sites/{id}
PUT     /api/v1/cost-details/{id}
PUT     /api/v1/declarations/{id}
PUT     /api/v1/expenses/{id}
PUT     /api/v1/export/amaranth/jobs/{id}/status
PUT     /api/v1/inventory/allocations/{id}
PUT     /api/v1/lcs/{id}
PUT     /api/v1/manufacturers/{id}
PUT     /api/v1/module-demand-forecasts/{id}
PUT     /api/v1/notes/{id}
PUT     /api/v1/orders/{id}
PUT     /api/v1/outbounds/{id}
PUT     /api/v1/partner-prices/{id}
PUT     /api/v1/partners/{id}
PUT     /api/v1/pos/{id}
PUT     /api/v1/pos/{poId}/lines/{id}
PUT     /api/v1/price-histories/{id}
PUT     /api/v1/products/{id}
PUT     /api/v1/receipts/{id}
PUT     /api/v1/sales/{id}
PUT     /api/v1/system-settings/{key}
PUT     /api/v1/tts/{id}
PUT     /api/v1/ui-configs/{scope}/{config_id}
PUT     /api/v1/users/me
PUT     /api/v1/users/me/password
PUT     /api/v1/users/me/persona
PUT     /api/v1/users/me/preferences
PUT     /api/v1/users/{id}
PUT     /api/v1/users/{id}/active
PUT     /api/v1/users/{id}/password
PUT     /api/v1/users/{id}/role
PUT     /api/v1/warehouses/{id}
